  PASS  test_all_nine_villages_are_explicit
  PASS  test_annual_snapshots_are_contiguous_and_sourced
  PASS  test_canonical_csv_rows_match_their_headers
  PASS  test_event_provenance_and_temporal_order
  PASS  test_generated_geojson_is_valid_and_precise
  PASS  test_generated_search_and_graph_outputs
  PASS  test_lhdrs_tables_do_not_make_health_or_exposure_claims
  PASS  test_mission4_archives_and_public_paths_are_resolvable
  PASS  test_mission4_context_publication_assets_exist
  PASS  test_mission4_convergence_conflicts_and_gaps_are_explicit
  PASS  test_mission4_crosswalk_is_projected_and_review_gated
  PASS  test_mission4_evidence_models_are_separate_and_traceable
  PASS  test_mission4_geographic_hierarchy_keeps_unknown_parents_blank
  PASS  test_mission4_graph_edges_are_versioned_and_inspectable
  PASS  test_mission4_imagery_inventory_preserves_coverage_limits
  PASS  test_mission4_proximity_gate_emits_no_false_results
  PASS  test_mission4_reconstruction_matrices_preserve_unknowns
  PASS  test_mission4_school_timeline_does_not_invent_boundaries_or_footprints
  PASS  test_mission4_second_edition_is_distinct_complete_and_checksummed
  PASS  test_mission4_snapshot_manifests_do_not_invent_annual_geometry
  PASS  test_mission4_temporal_ordering_and_exceptions_are_explicit
  PASS  test_mission4_terrain_context_is_complete_and_temporally_bounded
  PASS  test_mission4_title_sheet_index_is_complete_and_bounded
  PASS  test_mission4_tract_audit_preserves_lifecycle_boundary
  PASS  test_mission4_wind_context_is_observed_and_regionally_bounded
  PASS  test_obligations_are_not_misclassified_as_events
  PASS  test_planning_area_totals_match_verified_table
  PASS  test_proximity_analysis_stays_blocked_without_required_geometry
  PASS  test_school_records_are_traceable
  PASS  test_source_registry_unique_and_graded

30/30 passed.
